# MotionWorld D-016 live PIE chronology evidence
# Captured: 2026-08-31
# Source: ~/Library/Logs/Unreal Engine/GameAnimationSampleEditor/GameAnimationSample.log
# Full source SHA-256 at capture: efc8065014bf84203b3c7cf16f0728622f6d73ae869ff687b1d535bca52648e2
# Filter: MotionWorld bridge/episode/transition/command diagnostics

[2026.08.31-11.42.44:950][ 41]LogMotionWorldBridge: Display: MotionWorld bridge ready on 'SandboxCharacter_Mover_C_0'; automation=enabled, max_planar_speed=600.00 cm/s, state_log_interval=60 samples, episode_capacity=4096 transitions.
[2026.08.31-11.42.44:950][ 41]LogMotionWorldBridge: Display: MotionWorld episode started: episode=1601 capacity=4096; awaiting seed state.
[2026.08.31-11.42.44:963][ 41]LogMotionWorldBridge: Display: MotionWorld episode seeded: episode=1601 state_sequence=0 mover_step_frame=1 sim_time_s=0.036000.
[2026.08.31-11.42.44:963][ 41]LogMotionWorldBridge: Display: MotionWorld command echo: revision=0 frame=character_local resolved=true facing_yaw_deg=0.00 finite=true requested_frame=(200.00, 0.00, 0.00) submitted_world=(200.00, 0.00, 0.00) echoed_world=(200.00, 0.00, 0.00) match=true
[2026.08.31-11.42.45:312][ 42]LogMotionWorldBridge: Display: MotionWorld transition recorded: episode=1601 transition_sequence=0 previous_state_sequence=0 next_state_sequence=1 delta_s=0.100000 action_world_cm_per_sec=(200.00, 0.00, 0.00) action_local_cm_per_sec=(200.00, 0.00, 0.00) automated=true recorded=1 rejected=0.
[2026.08.31-11.42.49:121][103]LogMotionWorldBridge: Display: MotionWorld transition recorded: episode=1601 transition_sequence=59 previous_state_sequence=59 next_state_sequence=60 delta_s=0.059000 action_world_cm_per_sec=(200.00, 0.00, 0.00) action_local_cm_per_sec=(200.00, 0.00, 0.00) automated=true recorded=60 rejected=0.
[2026.08.31-11.42.52:238][163]LogMotionWorldBridge: Display: MotionWorld transition recorded: episode=1601 transition_sequence=119 previous_state_sequence=119 next_state_sequence=120 delta_s=0.050000 action_world_cm_per_sec=(200.00, 0.00, 0.00) action_local_cm_per_sec=(200.00, 0.00, 0.00) automated=true recorded=120 rejected=0.
[2026.08.31-11.42.55:312][223]LogMotionWorldBridge: Display: MotionWorld transition recorded: episode=1601 transition_sequence=179 previous_state_sequence=179 next_state_sequence=180 delta_s=0.048000 action_world_cm_per_sec=(200.00, 0.00, 0.00) action_local_cm_per_sec=(200.00, 0.00, 0.00) automated=true recorded=180 rejected=0.
[2026.08.31-11.42.58:372][283]LogMotionWorldBridge: Display: MotionWorld transition recorded: episode=1601 transition_sequence=239 previous_state_sequence=239 next_state_sequence=240 delta_s=0.049000 action_world_cm_per_sec=(200.00, 0.00, 0.00) action_local_cm_per_sec=(200.00, 0.00, 0.00) automated=true recorded=240 rejected=0.
[2026.08.31-11.43.01:916][343]LogMotionWorldBridge: Display: MotionWorld transition recorded: episode=1601 transition_sequence=299 previous_state_sequence=299 next_state_sequence=300 delta_s=0.061000 action_world_cm_per_sec=(200.00, 0.00, 0.00) action_local_cm_per_sec=(200.00, 0.00, 0.00) automated=true recorded=300 rejected=0.
[2026.08.31-11.43.05:316][403]LogMotionWorldBridge: Display: MotionWorld transition recorded: episode=1601 transition_sequence=359 previous_state_sequence=359 next_state_sequence=360 delta_s=0.054000 action_world_cm_per_sec=(200.00, 0.00, 0.00) action_local_cm_per_sec=(200.00, 0.00, 0.00) automated=true recorded=360 rejected=0.
[2026.08.31-11.43.08:547][463]LogMotionWorldBridge: Display: MotionWorld transition recorded: episode=1601 transition_sequence=419 previous_state_sequence=419 next_state_sequence=420 delta_s=0.059000 action_world_cm_per_sec=(200.00, 0.00, 0.00) action_local_cm_per_sec=(200.00, 0.00, 0.00) automated=true recorded=420 rejected=0.
[2026.08.31-11.43.11:841][523]LogMotionWorldBridge: Display: MotionWorld transition recorded: episode=1601 transition_sequence=479 previous_state_sequence=479 next_state_sequence=480 delta_s=0.065000 action_world_cm_per_sec=(200.00, 0.00, 0.00) action_local_cm_per_sec=(200.00, 0.00, 0.00) automated=true recorded=480 rejected=0.
[2026.08.31-11.43.15:009][583]LogMotionWorldBridge: Display: MotionWorld transition recorded: episode=1601 transition_sequence=539 previous_state_sequence=539 next_state_sequence=540 delta_s=0.055000 action_world_cm_per_sec=(200.00, 0.00, 0.00) action_local_cm_per_sec=(200.00, 0.00, 0.00) automated=true recorded=540 rejected=0.
[2026.08.31-11.43.18:197][643]LogMotionWorldBridge: Display: MotionWorld transition recorded: episode=1601 transition_sequence=599 previous_state_sequence=599 next_state_sequence=600 delta_s=0.050000 action_world_cm_per_sec=(200.00, 0.00, 0.00) action_local_cm_per_sec=(200.00, 0.00, 0.00) automated=true recorded=600 rejected=0.
[2026.08.31-11.43.21:502][703]LogMotionWorldBridge: Display: MotionWorld transition recorded: episode=1601 transition_sequence=659 previous_state_sequence=659 next_state_sequence=660 delta_s=0.051000 action_world_cm_per_sec=(200.00, 0.00, 0.00) action_local_cm_per_sec=(200.00, 0.00, 0.00) automated=true recorded=660 rejected=0.
[2026.08.31-11.43.24:761][763]LogMotionWorldBridge: Display: MotionWorld transition recorded: episode=1601 transition_sequence=719 previous_state_sequence=719 next_state_sequence=720 delta_s=0.054000 action_world_cm_per_sec=(200.00, 0.00, 0.00) action_local_cm_per_sec=(200.00, 0.00, 0.00) automated=true recorded=720 rejected=0.
[2026.08.31-11.43.28:002][823]LogMotionWorldBridge: Display: MotionWorld transition recorded: episode=1601 transition_sequence=779 previous_state_sequence=779 next_state_sequence=780 delta_s=0.057000 action_world_cm_per_sec=(200.00, 0.00, 0.00) action_local_cm_per_sec=(200.00, 0.00, 0.00) automated=true recorded=780 rejected=0.
[2026.08.31-11.43.31:311][883]LogMotionWorldBridge: Display: MotionWorld transition recorded: episode=1601 transition_sequence=839 previous_state_sequence=839 next_state_sequence=840 delta_s=0.054000 action_world_cm_per_sec=(200.00, 0.00, 0.00) action_local_cm_per_sec=(200.00, 0.00, 0.00) automated=true recorded=840 rejected=0.
[2026.08.31-11.43.34:696][943]LogMotionWorldBridge: Display: MotionWorld transition recorded: episode=1601 transition_sequence=899 previous_state_sequence=899 next_state_sequence=900 delta_s=0.052000 action_world_cm_per_sec=(200.00, 0.00, 0.00) action_local_cm_per_sec=(200.00, 0.00, 0.00) automated=true recorded=900 rejected=0.
[2026.08.31-11.43.36:675][965]LogMotionWorldBridge: Display: MotionWorld episode stopped: episode=1601 observed=923 attempted=922 recorded=922 rejected=0 rejected_seeds=0 capacity_drops=0.
