D-020 animation-root diagnostic pre-live audit
Date: 2026-09-01

Scope
- Visual-only QA telemetry; never authoritative state, transition data, or model input.
- Runtime feature default-off, interval-throttled, and capped.

Compiler-directed dead end
- First runtime integration attempted USkeletalMeshComponent::AreBoneTransformsValid().
- UE 5.8 declares the override protected, so strict compilation correctly rejected the call.
- Replacement uses public runtime evidence: IsRegistered(), GetNumBones() > 0, and
  GetNumComponentSpaceTransforms() > 0. No private/protected engine API is bypassed.

C++ validation
- MotionWorldAnimationTraceBuild2 Editor Development: PASS.
- MotionWorldAnimationTraceBuild2 Game Development: PASS.
- MotionWorldAnimationTraceBuild2 Game Shipping: PASS.
- Only the previously classified engine-owned MetalShaderConverter warning appeared.

Python validation
- Full suite: 19 passed.
- Ruff: passed.
- git diff --check: passed.
- Coverage includes latest-session selection and rejection of nonmonotonic sequence and
  inconsistent root offset.

Synthetic end-to-end plot check
- Input: three internally consistent session-tagged diagnostic rows.
- CLI: valid=true session=ABC123 samples=3 component=Mesh root_bone=root
  median_planar_offset_cm=1.004988 max_planar_offset_cm=1.216553.
- Output: 1980x802 RGBA PNG, visually inspected; both trajectory and offset panels readable.

Claim boundary
- Synthetic data validates parser/plot wiring only.
- Exact sample build, actual-project automation, and live trace evidence remain pending.
