MotionWorld R2.3 live echo forward evidence
Date: 2026-09-03
Source: local Game Animation Sample Editor log, PIE 20:07:33-20:07:58 UTC
Session: 31E1BBC5684B
Episode: 7221
Controller config: configs/control_service_echo_forward.yaml
Candidate visual observation: steady straight-forward motion

Acceptance decision: PASS for the forward case. The aggregate direction/bound checklist item stays
open until right, diagonal, reverse, and speed-bound cases also pass.

Independent audit:
- observations sent=224; actions accepted=224
- every accepted command is character-local (100, 0) cm/s
- every action reports current_identity_match=true and before_deadline=true
- Unreal latency min/median/p95/max=14.714/19.813/27.873/51.494 ms
- 224 post-action bridge echoes request local (100, 0), submit world (100, 0), retain Mover
  world (100, 0), and report match=true at authoritative yaw 0 degrees
- sampled world X moves from -800.00 to 1352.09 cm; sampled Y range is 0.000 cm
- maximum sampled finalized world X velocity is 100.00 cm/s
- rejected=0, stale=0, malformed=0, missed=0, held=0, safe_stops=0,
  evidence_written=450, evidence_dropped=0

Selected exact source lines:
[2026.09.03-20.07.33:597][590]LogMotionWorldNetwork: Display: MotionWorld network evidence started: session=31E1BBC5684B controller=echo max_lines=2048 endpoints=127.0.0.1:52580->127.0.0.1:52581.
[2026.09.03-20.07.36:214][620]LogMotionWorldNetwork: Display: MotionWorld network episode started: session=31E1BBC5684B episode=7221 first_observation_sequence=0 applied_local_cm_per_sec=(0.00, 0.00) prior_state_cleared=true.
[2026.09.03-20.07.36:214][620]LogMotionWorldBridge: Display: MotionWorld reset verified: episode=7221 attempts=1 state_sequence=30 mover_frame=31 position_world_cm=(-800.00, 0.00, 90.00) yaw_deg=0.00 mode=Walking position_error_cm=0.000 facing_error_deg=0.000 linear_speed_cm_per_sec=0.000 angular_speed_deg_per_sec=0.000; new episode may seed this state.
[2026.09.03-20.07.36:214][620]LogMotionWorldNetwork: Display: MotionWorld network observation sent: session=31E1BBC5684B episode=7221 observation=0 state_sequence=30 simulation_time_s=0.970000 facing_yaw_deg=0.000000 previous_action_present=false previous_action_source=-1.
[2026.09.03-20.07.36:269][621]LogMotionWorldNetwork: Display: MotionWorld network action accepted: session=31E1BBC5684B episode=7221 source_observation=0 desired_local_cm_per_sec=(100.000000, 0.000000) unreal_end_to_end_latency_ms=51.494207 current_identity_match=true before_deadline=true.
[2026.09.03-20.07.36:907][650]LogMotionWorldBridge: Display: MotionWorld state sample: protocol=1 sequence=60 valid=true mover_step_frame=61 sim_time_s=1.660000 step_s=0.016000 resim=false mode=Walking position_world_cm=(-754.11, 0.00, 88.27) velocity_world_cm_per_sec=(99.96, 0.00, 0.00) velocity_local_planar_cm_per_sec=(99.96, 0.00, 0.00) facing_yaw_deg=0.00 facing_unit_world=(1.000000, 0.000000) angular_velocity_world_deg_per_sec=(0.00, 0.00, 0.00)
[2026.09.03-20.07.52:663][472]LogMotionWorldBridge: Display: MotionWorld command echo: revision=171 frame=character_local resolved=true facing_yaw_deg=0.00 finite=true requested_frame=(100.00, 0.00, 0.00) submitted_world=(100.00, 0.00, 0.00) echoed_world=(100.00, 0.00, 0.00) match=true
[2026.09.03-20.07.52:756][477]LogMotionWorldNetwork: Display: MotionWorld network action accepted: session=31E1BBC5684B episode=7221 source_observation=165 desired_local_cm_per_sec=(100.000000, 0.000000) unreal_end_to_end_latency_ms=19.824792 current_identity_match=true before_deadline=true.
[2026.09.03-20.07.58:833][767]LogMotionWorldNetwork: Display: MotionWorld network evidence stopped: session=31E1BBC5684B observations_sent=224 actions_accepted=224 rejected=0 stale=0 malformed=0 missed=0 held=0 safe_stops=0 evidence_written=450 evidence_dropped=0.

Interpretation:
At zero yaw, character-local +X and world +X coincide. Network identity, bridge transformation,
Mover retention, finalized velocity, and the candidate's visual observation agree. This case alone
does not prove nonzero-yaw rotation.

Final-test episodes 5301/5302 opened: zero.
